[A'] -- | in='Base Longevity Team Logo Gold'                         -> subset='Base Longevity Team Logo Insert', parallel='Gold'
[B'] -- | in='Cherry Blossoms'                                       -> subset='Base', parallel='Cherry Blossoms'
[D'] -- | in=''                                                      -> subset='Base', parallel=''
[A'] -- | in='Chrome Update Autographs Blue RayWave Refractors'      -> subset='Chrome Update Autographs Insert', parallel='Blue RayWave Refractors'
[B'] -- | in='Burnt Umber'                                           -> subset='Base', parallel='Burnt Umber'
[B'] -- | in='Dark Blue Border'                                      -> subset='Base', parallel='Dark Blue Border'
[A'] -- | in='Pristine Aqua Refractors'                              -> subset='Pristine Insert', parallel='Aqua Refractors'
[D'] -- | in=''                                                      -> subset='Base', parallel=''
[D'] -- | in=''                                                      -> subset='Base', parallel=''
[A'] -- | in='Press Proofs Blue'                                     -> subset='Press Proofs Insert', parallel='Blue'
[B'] -- | in='Silver Prizms'                                         -> subset='Base', parallel='Silver Prizms'
[ B] RC | in='Holo'                                                  -> subset='Rookie', parallel='Holo'
[ B] RC | in='Pink'                                                  -> subset='Rookie', parallel='Pink'
[D'] -- | in=''                                                      -> subset='Base', parallel=''
[B'] -- | in='Green'                                                 -> subset='Base', parallel='Green'
[ B] RC | in='Blue Hyper'                                            -> subset='Rookie', parallel='Blue Hyper'
[B'] -- | in='Green Lava Refractor'                                  -> subset='Base', parallel='Green Lava Refractor'
[ A] RC | in='Clearly Rated Rookie Autographs Purple'                -> subset='Clearly Rated Rookie Autographs Rookie Insert', parallel='Purple'
[C'] -- | in='Anniversary Rookies'                                   -> subset='Anniversary Rookies Insert', parallel=''
[ D] RC | in=''                                                      -> subset='Rookie', parallel=''
[C'] -- | in='Emerged'                                               -> subset='Emerged Insert', parallel=''
[ D] RC | in=''                                                      -> subset='Rookie', parallel=''
[C'] -- | in='Hog Heaven'                                            -> subset='Hog Heaven Insert', parallel=''
[ B] RC | in='Light Blue Prizm Die Cut'                              -> subset='Rookie', parallel='Light Blue Prizm Die Cut'
[C'] -- | in='Montage'                                               -> subset='Montage Insert', parallel=''
[D'] -- | in=''                                                      -> subset='Base', parallel=''
[C'] -- | in='Hidden Elf'                                            -> subset='Hidden Elf Insert', parallel=''
[D'] -- | in=''                                                      -> subset='Base', parallel=''
[C'] -- | in='Companion Cards SPs'                                   -> subset='Companion Cards SPs Insert', parallel=''
[B'] -- | in='Silver'                                                -> subset='Base', parallel='Silver'
[D'] -- | in=''                                                      -> subset='Base', parallel=''
[D'] -- | in=''                                                      -> subset='Base', parallel=''
[D'] -- | in=''                                                      -> subset='Base', parallel=''
[A'] -- | in='Opti-Graphs Red'                                       -> subset='Opti-Graphs Insert', parallel='Red'
[B'] -- | in='Black Velocity'                                        -> subset='Base', parallel='Black Velocity'
[B'] -- | in='Teal Lava Refractor'                                   -> subset='Base', parallel='Teal Lava Refractor'
[A'] -- | in='Prospect Autographs Red Refractor'                     -> subset='Prospect Autographs Insert', parallel='Red Refractor'
[C'] -- | in='All-Star'                                              -> subset='All-Star Insert', parallel=''
[A'] -- | in='Stare Masters Purple Mosaic'                           -> subset='Stare Masters Insert', parallel='Purple Mosaic'
[A'] -- | in='Got Game? Mosaic'                                      -> subset='Got Game? Insert', parallel='Mosaic'
[C'] -- | in='Winning Ticket'                                        -> subset='Winning Ticket Insert', parallel=''
[ D] RC | in=''                                                      -> subset='Rookie', parallel=''
[A'] -- | in='Xtra Points Green'                                     -> subset='Xtra Points Insert', parallel='Green'
[D'] -- | in=''                                                      -> subset='Base', parallel=''
[A'] -- | in='Draft Class Contenders Bronze'                         -> subset='Draft Class Contenders Insert', parallel='Bronze'
[A'] -- | in='Slam Green Ice'                                        -> subset='Slam Insert', parallel='Green Ice'
[A'] -- | in='Campus Icons Fuchsia Refractor'                        -> subset='Campus Icons Insert', parallel='Fuchsia Refractor'
[B'] -- | in='Pink Lava Refractor'                                   -> subset='Base', parallel='Pink Lava Refractor'
[D'] -- | in=''                                                      -> subset='Base', parallel=''
[B'] -- | in='Mosaic'                                                -> subset='Base', parallel='Mosaic'
[A'] -- | in='Young Player to Watch Purple Foil'                     -> subset='Young Player to Watch Insert', parallel='Purple Foil'
[C'] -- | in='Red Zone'                                              -> subset='Red Zone Insert', parallel=''
[C'] -- | in='Slam'                                                  -> subset='Slam Insert', parallel=''
[B'] -- | in='Blue'                                                  -> subset='Base', parallel='Blue'
[B'] -- | in='Red'                                                   -> subset='Base', parallel='Red'
[B'] -- | in='Green & Yellow Prizm Shock'                            -> subset='Base', parallel='Green & Yellow Prizm Shock'
[B'] -- | in='Black & Orange Prizm Shock'                            -> subset='Base', parallel='Black & Orange Prizm Shock'
[B'] -- | in='Red & Blue Prizm Shock'                                -> subset='Base', parallel='Red & Blue Prizm Shock'
[A'] -- | in='Select Numbers Prizm'                                  -> subset='Select Numbers Insert', parallel='Prizm'
[B'] -- | in='Red & Blue Prizm Shock'                                -> subset='Base', parallel='Red & Blue Prizm Shock'
[ D] RC | in=''                                                      -> subset='Rookie', parallel=''
[C'] -- | in='Draft Diamonds'                                        -> subset='Draft Diamonds Insert', parallel=''
[C'] -- | in='Future'                                                -> subset='Future Insert', parallel=''
[B'] -- | in='Mirror Gold'                                           -> subset='Base', parallel='Mirror Gold'
[A'] -- | in='Crusade Pandora'                                       -> subset='Crusade Insert', parallel='Pandora'
[C'] -- | in='Contours'                                              -> subset='Contours Insert', parallel=''
[C'] -- | in='Contours'                                              -> subset='Contours Insert', parallel=''
[C'] -- | in='Contours'                                              -> subset='Contours Insert', parallel=''
[ B] RC | in='Black & Red Prizm Shock'                               -> subset='Rookie', parallel='Black & Red Prizm Shock'
[ B] RC | in='Black & Green Prizm Shock'                             -> subset='Rookie', parallel='Black & Green Prizm Shock'
[A'] -- | in='Turbocharged Prizm'                                    -> subset='Turbocharged Insert', parallel='Prizm'
[C'] -- | in='Turbocharged'                                          -> subset='Turbocharged Insert', parallel=''
[D'] -- | in=''                                                      -> subset='Base', parallel=''
[A'] -- | in='King of Cards Emerald'                                 -> subset='King of Cards Insert', parallel='Emerald'
